[rica-didit.datengdong.com/index.html]
[rica-didit.datengdong.com/images/favicon.png]
[backblue.gif]
[fade.gif]
[index.html]
[rica-didit.datengdong.com/uploads/thumbs/gallery/33a8c58e6ac42baf24cf1adb514e949b4162c8a5Yi.jpg]
[cdnjs.cloudflare.com/ajax/libs/twitter-bootstrap/4.4.1/css/bootstrap.min.css]
[cdnjs.cloudflare.com/ajax/libs/simplelightbox/1.17.3/simplelightbox.min.css]
[unpkg.com/aos@2.3.1/dist/aos.css]
[cdnjs.cloudflare.com/ajax/libs/OwlCarousel2/2.3.4/assets/owl.carousel.min.css]
[rica-didit.datengdong.com/themes/sparklepink/stylec924.css]
[rica-didit.datengdong.com/themes/style23cd.css]
[rica-didit.datengdong.com/uploads/original/gallery/33a8c58e6ac42baf24cf1adb514e949b4162c8a5.jpg]
[rica-didit.datengdong.com/themes/sparklepink/images/logo-header.png]
[datengdong.com/image/protocol/masker.png]
[datengdong.com/image/protocol/distance.png]
[datengdong.com/image/protocol/salam.png]
[datengdong.com/image/protocol/wash.png]
[rica-didit.datengdong.com/uploads/thumbs/couple/eod7japwen.png]
[rica-didit.datengdong.com/uploads/thumbs/couple/pkhbftgbkk.png]
[rica-didit.datengdong.com/themes/sparklepink/images/brush.png]
[rica-didit.datengdong.com/themes/sparklepink/images/brush-r.png]
[rica-didit.datengdong.com/uploads/thumbs/gallery/f8415f9ce344d8cf4b0c91507b3b332f8d584f071x.jpg]
[rica-didit.datengdong.com/uploads/original/gallery/f8415f9ce344d8cf4b0c91507b3b332f8d584f07.jpg]
[rica-didit.datengdong.com/uploads/original/gallery/46d93a1fb6245fba50357227c756806d0b9805ef.jpg]
[rica-didit.datengdong.com/uploads/thumbs/gallery/46d93a1fb6245fba50357227c756806d0b9805efA4.jpg]
[rica-didit.datengdong.com/uploads/original/gallery/d0badc9d8cb8cddf5f6d3daee371c0200d602160.jpg]
[rica-didit.datengdong.com/uploads/thumbs/gallery/d0badc9d8cb8cddf5f6d3daee371c0200d602160jk.jpg]
[rica-didit.datengdong.com/uploads/original/gallery/67b62f03b43384cd64783ef7ecbbf0c14c6e542b.jpg]
[rica-didit.datengdong.com/uploads/thumbs/gallery/67b62f03b43384cd64783ef7ecbbf0c14c6e542bbb.jpg]
[rica-didit.datengdong.com/uploads/original/gallery/88ed310c2d8c00e980e679f099728553f611d03b.jpg]
[rica-didit.datengdong.com/uploads/thumbs/gallery/88ed310c2d8c00e980e679f099728553f611d03bEB.jpg]
[rica-didit.datengdong.com/uploads/original/gallery/a0fdcd46ae65dba35dd8f63b7457c269f5263840.jpg]
[rica-didit.datengdong.com/uploads/thumbs/gallery/a0fdcd46ae65dba35dd8f63b7457c269f5263840Ja.jpg]
[rica-didit.datengdong.com/uploads/original/gallery/e45659ff30e6c11f40ddacf670adcf48313a022d.jpg]
[rica-didit.datengdong.com/uploads/thumbs/gallery/e45659ff30e6c11f40ddacf670adcf48313a022d0S.jpg]
[rica-didit.datengdong.com/images/logo-color.png]
[rica-didit.datengdong.com/uploads/musics/OYlyBnayOd.mp3]
[rica-didit.datengdong.com/images/play-pause.svg]
[cdnjs.cloudflare.com/ajax/libs/simplelightbox/1.17.3/simple-lightbox.min.js]
[cdnjs.cloudflare.com/ajax/libs/twitter-bootstrap/4.4.1/js/bootstrap.min.js]
[cdnjs.cloudflare.com/ajax/libs/jquery/3.4.1/jquery.min.js]
[unpkg.com/aos@2.3.1/dist/aos.js]
[cdn.plyr.io/3.6.8/plyr.css]
[rica-didit.datengdong.com/js/musicv2e209.js]
[cdn.plyr.io/3.6.8/plyr.js]
[cdnjs.cloudflare.com/ajax/libs/OwlCarousel2/2.3.4/owl.carousel.min.js]
[cdn.jsdelivr.net/particles.js/2.0.0/particles.min.js]
[rica-didit.datengdong.com/themes/sparklepink/custom.js]
[rica-didit.datengdong.com/index.html]
[cdnjs.cloudflare.com/ajax/libs/twitter-bootstrap/4.4.1/css/bootstrap.min.css]
[cdnjs.cloudflare.com/ajax/libs/simplelightbox/1.17.3/simplelightbox.min.css]
[unpkg.com/aos@2.3.1/dist/aos.css]
[cdnjs.cloudflare.com/ajax/libs/OwlCarousel2/2.3.4/assets/owl.video.play.png]
[cdnjs.cloudflare.com/ajax/libs/OwlCarousel2/2.3.4/assets/owl.carousel.min.css]
[rica-didit.datengdong.com/themes/sparklepink/images/frame.png]
[rica-didit.datengdong.com/themes/sparklepink/images/line-strip-b.png]
[rica-didit.datengdong.com/themes/sparklepink/images/line-strip.png]
[rica-didit.datengdong.com/themes/sparklepink/stylec924.css]
[rica-didit.datengdong.com/themes/style23cd.css]
[rica-didit.datengdong.com/uploads/thumbs/couple/eod7japwen.png]
[rica-didit.datengdong.com/uploads/thumbs/couple/pkhbftgbkk.png]
[rica-didit.datengdong.com/images/play-pause.svg]
[cdn.plyr.io/3.6.8/plyr.css]
